<html>
<body>
<pre>
<h1>礦ision Build Log</h1>
<h2>Project:</h2>
J:\01、学习资料\04、学习资料\01、STM32\01、STM\02、STM32F03\STM32F030\01、例程\实验一、LED\Project\Project.uvproj
Project File Date:  07/06/2019

<h2>Output:</h2>
Build target 'Target 1'
compiling hal_sys.c...
linking...
Program Size: Code=7012 RO-data=224 RW-data=40 ZI-data=1632  
FromELF: creating hex file...
".\out\Project.axf" - 0 Error(s), 0 Warning(s).
</pre>
</body>
</html>
uct;
..\SYSTEM\hal_sys.c: 1 warning, 0 errors
compiling hal_GPIO.c...
compiling hal_TIMx.c...
compiling hal_PWM.c...
linking...
Program Size: Code=7048 RO-data=224 RW-data=40 ZI-data=1632  
FromELF: creating hex file...
".\out\Project.axf" - 0 Error(s), 1 Warning(s).
"STM32F030C8" selected (64 KB flash, 8 KB RAM).
 
JLink info:
------------
DLL: V4.80g, compiled Feb 13 2014 20:50:02
Firmware: J-Link ARM V8 compiled Jan 31 2018 18:34:52
Hardware: V8.00
S/N : 20080643 
Feature(s) : RDI,FlashDL,FlashBP,JFlash,GDBFull 
 
* JLink Info: Found SWD-DP with ID 0x0BB11477
* JLink Info: Found SWD-DP with ID 0x0BB11477
* JLink Info: Found Cortex-M0 r0p0, Little endian.
* JLink Info: FPUnit: 4 code (BP) slots and 0 literal slots
ROMTableAddr = 0xE00FF003
 
Target info:
------------
Device: STM32F030C8
VTarget = 3.287V
State of Pins: 
TCK: 0, TDI: 0, TDO: 0, TMS: 0, TRES: 1, TRST: 0
Hardware-Breakpoints: 4
Software-Breakpoints: 8192
Watchpoints:          2
JTAG speed: 2000 kHz
 
Erase Done.
Programming Done.
Verify OK.
Application running ...

Erase Done.
Programming Done.
Verify OK.
Application running ...
1、STM\\02、STM32F03\\STM32F030\\01、例程\\实验一、LED\\Project\\out\\Project.axf" 
Set JLink Project File to "J:\01、学习资料\04、学习资料\01、STM32\01、STM\02、STM32F03\STM32F030\01、例程\实验一、LED\Project\JLinkSettings.ini"
* JLink Info: Device "STM32F030C8" selected (64 KB flash, 8 KB RAM).
 
JLink info:
------------
DLL: V4.80g, compiled Feb 13 2014 20:50:02
Firmware: J-Link ARM V8 compiled Jan 31 2018 18:34:52
Hardware: V8.00
S/N : 20080643 
Feature(s) : RDI,FlashDL,FlashBP,JFlash,GDBFull 
 
* JLink Info: Found SWD-DP with ID 0x0BB11477
* JLink Info: Found SWD-DP with ID 0x0BB11477
* JLink Info: Found Cortex-M0 r0p0, Little endian.
* JLink Info: FPUnit: 4 code (BP) slots and 0 literal slots
ROMTableAddr = 0xE00FF003
 
Target info:
------------
Device: STM32F030C8
VTarget = 3.280V
State of Pins: 
TCK: 0, TDI: 0, TDO: 0, TMS: 0, TRES: 1, TRST: 0
Hardware-Breakpoints: 4
Software-Breakpoints: 8192
Watchpoints:          2
JTAG speed: 2000 kHz
 
Erase Done.
Programming Done.
Verify OK.
Application running ...
   assert_param(IS_ADC_ALL_PERIPH(ADCx));
..\FWLib\src\stm32f0xx_adc.c(751): warning:  #223-D: function "assert_param" declared implicitly
    assert_param(IS_ADC_ALL_PERIPH(ADCx));
..\FWLib\src\stm32f0xx_adc.c(776): warning:  #223-D: function "assert_param" declared implicitly
    assert_param(IS_ADC_ALL_PERIPH(ADCx));
..\FWLib\src\stm32f0xx_adc.c(803): warning:  #223-D: function "assert_param" declared implicitly
    assert_param(IS_ADC_ALL_PERIPH(ADCx));
..\FWLib\src\stm32f0xx_adc.c(838): warning:  #223-D: function "assert_param" declared implicitly
    assert_param(IS_ADC_ALL_PERIPH(ADCx));
..\FWLib\src\stm32f0xx_adc.c(853): warning:  #223-D: function "assert_param" declared implicitly
    assert_param(IS_ADC_ALL_PERIPH(ADCx));
..\FWLib\src\stm32f0xx_adc.c(866): warning:  #223-D: function "assert_param" declared implicitly
    assert_param(IS_ADC_ALL_PERIPH(ADCx));
..\FWLib\src\stm32f0xx_adc.c(910): warning:  #223-D: function "assert_param" declared implicitly
    assert_param(IS_ADC_ALL_PERIPH(ADCx));
..\FWLib\src\stm32f0xx_adc.c(937): warning:  #223-D: function "assert_param" declared implicitly
    assert_param(IS_ADC_ALL_PERIPH(ADCx));
..\FWLib\src\stm32f0xx_adc.c(1045): warning:  #223-D: function "assert_param" declared implicitly
    assert_param(IS_ADC_ALL_PERIPH(ADCx));
..\FWLib\src\stm32f0xx_adc.c(1085): warning:  #223-D: function "assert_param" declared implicitly
    assert_param(IS_ADC_ALL_PERIPH(ADCx));
..\FWLib\src\stm32f0xx_adc.c(1128): warning:  #223-D: function "assert_param" declared implicitly
    assert_param(IS_ADC_ALL_PERIPH(ADCx));
..\FWLib\src\stm32f0xx_adc.c(1154): warning:  #223-D: function "assert_param" declared implicitly
    assert_param(IS_ADC_ALL_PERIPH(ADCx));
..\FWLib\src\stm32f0xx_adc.c(1191): warning:  #223-D: function "assert_param" declared implicitly
    assert_param(IS_ADC_ALL_PERIPH(ADCx));
..\FWLib\src\stm32f0xx_adc.c: 28 warnings, 0 errors
compiling stm32f0xx_cec.c...
..\FWLib\src\stm32f0xx_cec.c(163): warning:  #223-D: function "assert_param" declared implicitly
    assert_param(IS_CEC_SIGNAL_FREE_TIME(CEC_InitStruct->CEC_SignalFreeTime));
..\FWLib\src\stm32f0xx_cec.c(212): warning:  #223-D: function "assert_param" declared implicitly
    assert_param(IS_FUNCTIONAL_STATE(NewState));
..\FWLib\src\stm32f0xx_cec.c(234): warning:  #223-D: function "assert_param" declared implicitly
    assert_param(IS_FUNCTIONAL_STATE(NewState));
..\FWLib\src\stm32f0xx_cec.c(257): warning:  #223-D: function "assert_param" declared implicitly
    assert_param(IS_CEC_ADDRESS(CEC_OwnAddress));
..\FWLib\src\stm32f0xx_cec.c(433): warning:  #223-D: function "assert_param" declared implicitly
    assert_param(IS_FUNCTIONAL_STATE(NewState));
..\FWLib\src\stm32f0xx_cec.c(472): warning:  #223-D: function "assert_param" declared implicitly
    assert_param(IS_CEC_GET_FLAG(CEC_FLAG));
..\FWLib\src\stm32f0xx_cec.c(511): warning:  #223-D: function "assert_param" declared implicitly
    assert_param(IS_CEC_CLEAR_FLAG(CEC_FLAG));
..\FWLib\src\stm32f0xx_cec.c(542): warning:  #223-D: function "assert_param" declared implicitly
    assert_param(IS_CEC_GET_IT(CEC_IT));
..\FWLib\src\stm32f0xx_cec.c(584): warning:  #223-D: function "assert_param" declared implicitly
    assert_param(IS_CEC_IT(CEC_IT));
..\FWLib\src\stm32f0xx_cec.c: 9 warnings, 0 errors
compiling stm32f0xx_comp.c...
..\FWLib\src\stm32f0xx_comp.c(167): warning:  #223-D: function "assert_param" declared implicitly
    assert_param(IS_COMP_ALL_PERIPH(COMP_Selection));
..\FWLib\src\stm32f0xx_comp.c(228): warning:  #223-D: function "assert_param" declared implicitly
    assert_param(IS_COMP_ALL_PERIPH(COMP_Selection));
..\FWLib\src\stm32f0xx_comp.c(256): warning:  #223-D: function "assert_param" declared implicitly
    assert_param(IS_FUNCTIONAL_STATE(NewState));
..\FWLib\src\stm32f0xx_comp.c(295): warning:  #223-D: function "assert_param" declared implicitly
    assert_param(IS_COMP_ALL_PERIPH(COMP_Selection));
..\FWLib\src\stm32f0xx_comp.c(340): warning:  #223-D: function "assert_param" declared implicitly
    assert_param(IS_FUNCTIONAL_STATE(NewState));
..\FWLib\src\stm32f0xx_comp.c(385): warning:  #223-D: function "assert_param" declared implicitly
    assert_param(IS_COMP_ALL_PERIPH(COMP_Selection));
..\FWLib\src\stm32f0xx_comp.c: 6 warnings, 0 errors
compiling stm32f0xx_crc.c...
..\FWLib\src\stm32f0xx_crc.c(132): warning:  #223-D: function "assert_param" declared implicitly
    assert_param(IS_CRC_REVERSE_INPUT_DATA(CRC_ReverseInputData));
..\FWLib\src\stm32f0xx_crc.c(156): warning:  #223-D: function "assert_param" declared implicitly
    assert_param(IS_FUNCTIONAL_STATE(NewState));
..\FWLib\src\stm32f0xx_crc.c: 2 warnings, 0 errors
compiling stm32f0xx_dac.c...
..\FWLib\src\stm32f0xx_dac.c(151): warning:  #223-D: function "RCC_APB1PeriphResetCmd" declared implicitly
    RCC_APB1PeriphResetCmd(RCC_APB1Periph_DAC, ENABLE);
..\FWLib\src\stm32f0xx_dac.c(151): error:  #20: identifier "RCC_APB1Periph_DAC" is undefined
    RCC_APB1PeriphResetCmd(RCC_APB1Periph_DAC, ENABLE);
..\FWLib\src\stm32f0xx_dac.c(171): warning:  #223-D: function "assert_param" declared implicitly
    assert_param(IS_DAC_CHANNEL(DAC_Channel));
..\FWLib\src\stm32f0xx_dac.c(222): warning:  #223-D: function "assert_param" declared implicitly
    assert_param(IS_DAC_CHANNEL(DAC_Channel));
..\FWLib\src\stm32f0xx_dac.c(249): warning:  #223-D: function "assert_param" declared implicitly
    assert_param(IS_DAC_CHANNEL(DAC_Channel));
..\FWLib\src\stm32f0xx_dac.c(279): warning:  #223-D: function "assert_param" declared implicitly
    assert_param(IS_DAC_ALIGN(DAC_Align));
..\FWLib\src\stm32f0xx_dac.c(301): warning:  #223-D: function "assert_param" declared implicitly
    assert_param(IS_DAC_CHANNEL(DAC_Channel));
..\FWLib\src\stm32f0xx_dac.c(341): warning:  #223-D: function "assert_param" declared implicitly
    assert_param(IS_DAC_CHANNEL(DAC_Channel));
..\FWLib\src\stm32f0xx_dac.c(389): warning:  #223-D: function "assert_param" declared implicitly
    assert_param(IS_DAC_CHANNEL(DAC_Channel));
..\FWLib\src\stm32f0xx_dac.c(422): warning:  #223-D: function "assert_param" declared implicitly
    assert_param(IS_DAC_CHANNEL(DAC_Channel));
..\FWLib\src\stm32f0xx_dac.c(453): warning:  #223-D: function "assert_param" declared implicitly
    assert_param(IS_DAC_CHANNEL(DAC_Channel));
..\FWLib\src\stm32f0xx_dac.c(478): warning:  #223-D: function "assert_param" declared implicitly
    assert_param(IS_DAC_CHANNEL(DAC_Channel));
..\FWLib\src\stm32f0xx_dac.c(512): warning:  #223-D: function "assert_param" declared implicitly
    assert_param(IS_DAC_CHANNEL(DAC_Channel));
..\FWLib\src\stm32f0xx_dac.c: 12 warnings, 1 error
compiling stm32f0xx_dbgmcu.c...
..\FWLib\src\stm32f0xx_dbgmcu.c(121): warning:  #223-D: function "assert_param" declared implicitly
    assert_param(IS_DBGMCU_PERIPH(DBGMCU_Periph));
..\FWLib\src\stm32f0xx_dbgmcu.c(156): warning:  #223-D: function "assert_param" declared implicitly
    assert_param(IS_DBGMCU_APB1PERIPH(DBGMCU_Periph));
..\FWLib\src\stm32f0xx_dbgmcu.c(184): warning:  #223-D: function "assert_param" declared implicitly
    assert_param(IS_DBGMCU_APB2PERIPH(DBGMCU_Periph));
..\FWLib\src\stm32f0xx_dbgmcu.c: 3 warnings, 0 errors
compiling stm32f0xx_dma.c...
..\FWLib\src\stm32f0xx_dma.c(129): warning:  #223-D: function "assert_param" declared implicitly
    assert_param(IS_DMA_ALL_PERIPH(DMAy_Channelx));
..\FWLib\src\stm32f0xx_dma.c(190): warning:  #223-D: function "assert_param" declared implicitly
    assert_param(IS_DMA_ALL_PERIPH(DMAy_Channelx));
..\FWLib\src\stm32f0xx_dma.c(282): warning:  #223-D: function "assert_param" declared implicitly
    assert_param(IS_DMA_ALL_PERIPH(DMAy_Channelx));
..\FWLib\src\stm32f0xx_dma.c(341): warning:  #223-D: function "assert_param" declared implicitly
    assert_param(IS_DMA_ALL_PERIPH(DMAy_Channelx));
..\FWLib\src\stm32f0xx_dma.c(359): warning:  #223-D: function "assert_param" declared implicitly
    assert_param(IS_DMA_ALL_PERIPH(DMAy_Channelx));
..\FWLib\src\stm32f0xx_dma.c(434): warning:  #223-D: function "assert_param" declared implicitly
    assert_param(IS_DMA_ALL_PERIPH(DMAy_Channelx));
..\FWLib\src\stm32f0xx_dma.c(487): warning:  #223-D: function "assert_param" declared implicitly
    assert_param(IS_DMA_GET_FLAG(DMA_FLAG));
..\FWLib\src\stm32f0xx_dma.c(539): warning:  #223-D: function "assert_param" declared implicitly
    assert_param(IS_DMA_CLEAR_FLAG(DMA_FLAG));
..\FWLib\src\stm32f0xx_dma.c(582): warning:  #223-D: function "assert_param" declared implicitly
    assert_param(IS_DMA_GET_IT(DMA_IT));
..\FWLib\src\stm32f0xx_dma.c(634): warning:  #223-D: function "assert_param" declared implicitly
    assert_param(IS_DMA_CLEAR_IT(DMA_IT));
..\FWLib\src\stm32f0xx_dma.c: 10 warnings, 0 errors
compiling stm32f0xx_exti.c...
..\FWLib\src\stm32f0xx_exti.c(129): warning:  #223-D: function "assert_param" declared implicitly
    assert_param(IS_EXTI_MODE(EXTI_InitStruct->EXTI_Mode));
..\FWLib\src\stm32f0xx_exti.c(198): warning:  #223-D: function "assert_param" declared implicitly
    assert_param(IS_EXTI_LINE(EXTI_Line));
..\FWLib\src\stm32f0xx_exti.c(229): warning:  #223-D: function "assert_param" declared implicitly
    assert_param(IS_GET_EXTI_LINE(EXTI_Line));
..\FWLib\src\stm32f0xx_exti.c(251): warning:  #223-D: function "assert_param" declared implicitly
    assert_param(IS_EXTI_LINE(EXTI_Line));
..\FWLib\src\stm32f0xx_exti.c(266): warning:  #223-D: function "assert_param" declared implicitly
    assert_param(IS_GET_EXTI_LINE(EXTI_Line));
..\FWLib\src\stm32f0xx_exti.c(289): warning:  #223-D: function "assert_param" declared implicitly
    assert_param(IS_EXTI_LINE(EXTI_Line));
..\FWLib\src\stm32f0xx_exti.c: 6 warnings, 0 errors
compiling stm32f0xx_flash.c...
..\FWLib\src\stm32f0xx_flash.c(140): warning:  #223-D: function "assert_param" declared implicitly
    assert_param(IS_FLASH_LATENCY(FLASH_Latency));
..\FWLib\src\stm32f0xx_flash.c(162): warning:  #223-D: function "assert_param" declared implicitly
    assert_param(IS_FUNCTIONAL_STATE(NewState));
..\FWLib\src\stm32f0xx_flash.c(269): warning:  #223-D: function "assert_param" declared implicitly
    assert_param(IS_FLASH_PROGRAM_ADDRESS(Page_Address));
..\FWLib\src\stm32f0xx_flash.c(341): warning:  #223-D: function "assert_param" declared implicitly
    assert_param(IS_FLASH_PROGRAM_ADDRESS(Address));
..\FWLib\src\stm32f0xx_flash.c(397): warning:  #223-D: function "assert_param" declared implicitly
    assert_param(IS_FLASH_PROGRAM_ADDRESS(Address));
..\FWLib\src\stm32f0xx_flash.c(600): warning:  #223-D: function "assert_param" declared implicitly
    assert_param(IS_OB_WRP(OB_WRP));
..\FWLib\src\stm32f0xx_flash.c(657): warning:  #223-D: function "assert_param" declared implicitly
    assert_param(IS_OB_RDP(OB_RDP));
..\FWLib\src\stm32f0xx_flash.c(725): warning:  #223-D: function "assert_param" declared implicitly
    assert_param(IS_OB_IWDG_SOURCE(OB_IWDG));
..\FWLib\src\stm32f0xx_flash.c(765): warning:  #223-D: function "assert_param" declared implicitly
    assert_param(IS_OB_BOOT1(OB_BOOT1));
..\FWLib\src\stm32f0xx_flash.c(803): warning:  #223-D: function "assert_param" declared implicitly
    assert_param(IS_OB_VDDA_ANALOG(OB_VDDA_ANALOG));
..\FWLib\src\stm32f0xx_flash.c(841): warning:  #223-D: function "assert_param" declared implicitly
    assert_param(IS_OB_SRAM_PARITY(OB_SRAM_Parity));
..\FWLib\src\stm32f0xx_flash.c(926): warning:  #223-D: function "assert_param" declared implicitly
    assert_param(IS_OB_DATA_ADDRESS(Address));
..\FWLib\src\stm32f0xx_flash.c(1018): warning:  #223-D: function "assert_param" declared implicitly
    assert_param(IS_FLASH_IT(FLASH_IT)); 
..\FWLib\src\stm32f0xx_flash.c(1048): warning:  #223-D: function "assert_param" declared implicitly
    assert_param(IS_FLASH_GET_FLAG(FLASH_FLAG));
..\FWLib\src\stm32f0xx_flash.c(1074): warning:  #223-D: function "assert_param" declared implicitly
    assert_param(IS_FLASH_CLEAR_FLAG(FLASH_FLAG));
..\FWLib\src\stm32f0xx_flash.c: 15 warnings, 0 errors
compiling stm32f0xx_gpio.c...
..\FWLib\src\stm32f0xx_gpio.c(120): warning:  #223-D: function "assert_param" declared implicitly
    assert_param(IS_GPIO_ALL_PERIPH(GPIOx));
..\FWLib\src\stm32f0xx_gpio.c(167): warning:  #223-D: function "assert_param" declared implicitly
    assert_param(IS_GPIO_ALL_PERIPH(GPIOx));
..\FWLib\src\stm32f0xx_gpio.c(243): warning:  #223-D: function "assert_param" declared implicitly
    assert_param(IS_GPIO_LIST_PERIPH(GPIOx));
..\FWLib\src\stm32f0xx_gpio.c(288): warning:  #223-D: function "assert_param" declared implicitly
    assert_param(IS_GPIO_ALL_PERIPH(GPIOx));
..\FWLib\src\stm32f0xx_gpio.c(310): warning:  #223-D: function "assert_param" declared implicitly
    assert_param(IS_GPIO_ALL_PERIPH(GPIOx));
..\FWLib\src\stm32f0xx_gpio.c(328): warning:  #223-D: function "assert_param" declared implicitly
    assert_param(IS_GPIO_ALL_PERIPH(GPIOx));
..\FWLib\src\stm32f0xx_gpio.c(350): warning:  #223-D: function "assert_param" declared implicitly
    assert_param(IS_GPIO_ALL_PERIPH(GPIOx));
..\FWLib\src\stm32f0xx_gpio.c(366): warning:  #223-D: function "assert_param" declared implicitly
    assert_param(IS_GPIO_ALL_PERIPH(GPIOx));
..\FWLib\src\stm32f0xx_gpio.c(383): warning:  #223-D: function "assert_param" declared implicitly
    assert_param(IS_GPIO_ALL_PERIPH(GPIOx));
..\FWLib\src\stm32f0xx_gpio.c(404): warning:  #223-D: function "assert_param" declared implicitly
    assert_param(IS_GPIO_ALL_PERIPH(GPIOx));
..\FWLib\src\stm32f0xx_gpio.c(427): warning:  #223-D: function "assert_param" declared implicitly
    assert_param(IS_GPIO_ALL_PERIPH(GPIOx));
..\FWLib\src\stm32f0xx_gpio.c(477): warning:  #223-D: function "assert_param" declared implicitly
    assert_param(IS_GPIO_LIST_PERIPH(GPIOx));
..\FWLib\src\stm32f0xx_gpio.c: 12 warnings, 0 errors
compiling stm32f0xx_i2c.c...
..\FWLib\src\stm32f0xx_i2c.c(148): warning:  #223-D: function "assert_param" declared implicitly
    assert_param(IS_I2C_ALL_PERIPH(I2Cx));
..\FWLib\src\stm32f0xx_i2c.c(179): warning:  #223-D: function "assert_param" declared implicitly
    assert_param(IS_I2C_ALL_PERIPH(I2Cx));
..\FWLib\src\stm32f0xx_i2c.c(282): warning:  #223-D: function "assert_param" declared implicitly
    assert_param(IS_I2C_ALL_PERIPH(I2Cx));
..\FWLib\src\stm32f0xx_i2c.c(305): warning:  #223-D: function "assert_param" declared implicitly
    assert_param(IS_I2C_ALL_PERIPH(I2Cx));
..\FWLib\src\stm32f0xx_i2c.c(337): warning:  #223-D: function "assert_param" declared implicitly
    assert_param(IS_I2C_ALL_PERIPH(I2Cx));
..\FWLib\src\stm32f0xx_i2c.c(363): warning:  #223-D: function "assert_param" declared implicitly
    assert_param(IS_I2C_ALL_PERIPH(I2Cx));
..\FWLib\src\stm32f0xx_i2c.c(388): warning:  #223-D: function "assert_param" declared implicitly
    assert_param(IS_I2C_1_PERIPH(I2Cx));
..\FWLib\src\stm32f0xx_i2c.c(413): warning:  #223-D: function "assert_param" declared implicitly
    assert_param(IS_I2C_ALL_PERIPH(I2Cx));
..\FWLib\src\stm32f0xx_i2c.c(449): warning:  #223-D: function "assert_param" declared implicitly
    assert_param(IS_I2C_ALL_PERIPH(I2Cx));
..\FWLib\src\stm32f0xx_i2c.c(477): warning:  #223-D: function "assert_param" declared implicitly
    assert_param(IS_I2C_ALL_PERIPH(I2Cx));
..\FWLib\src\stm32f0xx_i2c.c(502): warning:  #223-D: function "assert_param" declared implicitly
    assert_param(IS_I2C_ALL_PERIPH(I2Cx));
..\FWLib\src\stm32f0xx_i2c.c(529): warning:  #223-D: function "assert_param" declared implicitly
    assert_param(IS_I2C_ALL_PERIPH(I2Cx));
..\FWLib\src\stm32f0xx_i2c.c(556): warning:  #223-D: function "assert_param" declared implicitly
    assert_param(IS_I2C_ALL_PERIPH(I2Cx));
..\FWLib\src\stm32f0xx_i2c.c(621): warning:  #223-D: function "assert_param" declared implicitly
    assert_param(IS_I2C_ALL_PERIPH(I2Cx));
..\FWLib\src\stm32f0xx_i2c.c(646): warning:  #223-D: function "assert_param" declared implicitly
    assert_param(IS_I2C_ALL_PERIPH(I2Cx));
..\FWLib\src\stm32f0xx_i2c.c(672): warning:  #223-D: function "assert_param" declared implicitly
    assert_param(IS_I2C_ALL_PERIPH(I2Cx));
..\FWLib\src\stm32f0xx_i2c.c(699): warning:  #223-D: function "assert_param" declared implicitly
    assert_param(IS_I2C_ALL_PERIPH(I2Cx));
..\FWLib\src\stm32f0xx_i2c.c(725): warning:  #223-D: function "assert_param" declared implicitly
    assert_param(IS_I2C_ALL_PERIPH(I2Cx));
..\FWLib\src\stm32f0xx_i2c.c(750): warning:  #223-D: function "assert_param" declared implicitly
    assert_param(IS_I2C_ALL_PERIPH(I2Cx));
..\FWLib\src\stm32f0xx_i2c.c(777): warning:  #223-D: function "assert_param" declared implicitly
    assert_param(IS_I2C_ALL_PERIPH(I2Cx));
..\FWLib\src\stm32f0xx_i2c.c(802): warning:  #223-D: function "assert_param" declared implicitly
    assert_param(IS_I2C_ALL_PERIPH(I2Cx));
..\FWLib\src\stm32f0xx_i2c.c(825): warning:  #223-D: function "assert_param" declared implicitly
    assert_param(IS_I2C_ALL_PERIPH(I2Cx));
..\FWLib\src\stm32f0xx_i2c.c(842): warning:  #223-D: function "assert_param" declared implicitly
    assert_param(IS_I2C_ALL_PERIPH(I2Cx));
..\FWLib\src\stm32f0xx_i2c.c(885): warning:  #223-D: function "assert_param" declared implicitly
    assert_param(IS_I2C_ALL_PERIPH(I2Cx));
..\FWLib\src\stm32f0xx_i2c.c(954): warning:  #223-D: function "assert_param" declared implicitly
    assert_param(IS_I2C_1_PERIPH(I2Cx));
..\FWLib\src\stm32f0xx_i2c.c(979): warning:  #223-D: function "assert_param" declared implicitly
    assert_param(IS_I2C_1_PERIPH(I2Cx));
..\FWLib\src\stm32f0xx_i2c.c(1004): warning:  #223-D: function "assert_param" declared implicitly
    assert_param(IS_I2C_1_PERIPH(I2Cx));
..\FWLib\src\stm32f0xx_i2c.c(1030): warning:  #223-D: function "assert_param" declared implicitly
    assert_param(IS_I2C_1_PERIPH(I2Cx));
..\FWLib\src\stm32f0xx_i2c.c(1057): warning:  #223-D: function "assert_param" declared implicitly
    assert_param(IS_I2C_1_PERIPH(I2Cx));
..\FWLib\src\stm32f0xx_i2c.c(1084): warning:  #223-D: function "assert_param" declared implicitly
    assert_param(IS_I2C_1_PERIPH(I2Cx));
..\FWLib\src\stm32f0xx_i2c.c(1110): warning:  #223-D: function "assert_param" declared implicitly
    assert_param(IS_I2C_1_PERIPH(I2Cx));
..\FWLib\src\stm32f0xx_i2c.c(1135): warning:  #223-D: function "assert_param" declared implicitly
    assert_param(IS_I2C_1_PERIPH(I2Cx));
..\FWLib\src\stm32f0xx_i2c.c(1158): warning:  #223-D: function "assert_param" declared implicitly
    assert_param(IS_I2C_1_PERIPH(I2Cx));
..\FWLib\src\stm32f0xx_i2c.c(1206): warning:  #223-D: function "assert_param" declared implicitly
    assert_param(IS_I2C_ALL_PERIPH(I2Cx));
..\FWLib\src\stm32f0xx_i2c.c(1247): warning:  #223-D: function "assert_param" declared implicitly
    assert_param(IS_I2C_ALL_PERIPH(I2Cx));
..\FWLib\src\stm32f0xx_i2c.c(1261): warning:  #223-D: function "assert_param" declared implicitly
    assert_param(IS_I2C_ALL_PERIPH(I2Cx));
..\FWLib\src\stm32f0xx_i2c.c(1304): warning:  #223-D: function "assert_param" declared implicitly
    assert_param(IS_I2C_ALL_PERIPH(I2Cx));
..\FWLib\src\stm32f0xx_i2c.c(1427): warning:  #223-D: function "assert_param" declared implicitly
    assert_param(IS_I2C_ALL_PERIPH(I2Cx));
..\FWLib\src\stm32f0xx_i2c.c(1468): warning:  #223-D: function "assert_param" declared implicitly
    assert_param(IS_I2C_ALL_PERIPH(I2Cx));
..\FWLib\src\stm32f0xx_i2c.c(1502): warning:  #223-D: function "assert_param" declared implicitly
    assert_param(IS_I2C_ALL_PERIPH(I2Cx));
..\FWLib\src\stm32f0xx_i2c.c(1562): warning:  #223-D: function "assert_param" declared implicitly
    assert_param(IS_I2C_ALL_PERIPH(I2Cx));
..\FWLib\src\stm32f0xx_i2c.c: 41 warnings, 0 errors
compiling stm32f0xx_iwdg.c...
..\FWLib\src\stm32f0xx_iwdg.c(148): warning:  #223-D: function "assert_param" declared implicitly
    assert_param(IS_IWDG_WRITE_ACCESS(IWDG_WriteAccess));
..\FWLib\src\stm32f0xx_iwdg.c(168): warning:  #223-D: function "assert_param" declared implicitly
    assert_param(IS_IWDG_PRESCALER(IWDG_Prescaler));
..\FWLib\src\stm32f0xx_iwdg.c(181): warning:  #223-D: function "assert_param" declared implicitly
    assert_param(IS_IWDG_RELOAD(Reload));
..\FWLib\src\stm32f0xx_iwdg.c(205): warning:  #223-D: function "assert_param" declared implicitly
    assert_param(IS_IWDG_WINDOW_VALUE(WindowValue));
..\FWLib\src\stm32f0xx_iwdg.c(264): warning:  #223-D: function "assert_param" declared implicitly
    assert_param(IS_IWDG_FLAG(IWDG_FLAG));
..\FWLib\src\stm32f0xx_iwdg.c: 5 warnings, 0 errors
compiling stm32f0xx_misc.c...
..\FWLib\src\stm32f0xx_misc.c(82): warning:  #223-D: function "assert_param" declared implicitly
    assert_param(IS_FUNCTIONAL_STATE(NVIC_InitStruct->NVIC_IRQChannelCmd));
..\FWLib\src\stm32f0xx_misc.c(118): warning:  #223-D: function "assert_param" declared implicitly
    assert_param(IS_NVIC_LP(LowPowerMode));
..\FWLib\src\stm32f0xx_misc.c(143): warning:  #223-D: function "assert_param" declared implicitly
    assert_param(IS_SYSTICK_CLK_SOURCE(SysTick_CLKSource));
..\FWLib\src\stm32f0xx_misc.c: 3 warnings, 0 errors
compiling stm32f0xx_pwr.c...
..\FWLib\src\stm32f0xx_pwr.c(104): warning:  #223-D: function "assert_param" declared implicitly
    assert_param(IS_FUNCTIONAL_STATE(NewState));
..\FWLib\src\stm32f0xx_pwr.c(163): warning:  #223-D: function "assert_param" declared implicitly
    assert_param(IS_PWR_PVD_LEVEL(PWR_PVDLevel));
..\FWLib\src\stm32f0xx_pwr.c(186): warning:  #223-D: function "assert_param" declared implicitly
    assert_param(IS_FUNCTIONAL_STATE(NewState));
..\FWLib\src\stm32f0xx_pwr.c(231): warning:  #223-D: function "assert_param" declared implicitly
    assert_param(IS_PWR_WAKEUP_PIN(PWR_WakeUpPin));
..\FWLib\src\stm32f0xx_pwr.c(364): warning:  #223-D: function "assert_param" declared implicitly
    assert_param(IS_PWR_SLEEP_ENTRY(PWR_SLEEPEntry));
..\FWLib\src\stm32f0xx_pwr.c(406): warning:  #223-D: function "assert_param" declared implicitly
    assert_param(IS_PWR_REGULATOR(PWR_Regulator));
..\FWLib\src\stm32f0xx_pwr.c(499): warning:  #223-D: function "assert_param" declared implicitly
    assert_param(IS_PWR_GET_FLAG(PWR_FLAG));
..\FWLib\src\stm32f0xx_pwr.c(524): warning:  #223-D: function "assert_param" declared implicitly
    assert_param(IS_PWR_CLEAR_FLAG(PWR_FLAG));
..\FWLib\src\stm32f0xx_pwr.c: 8 warnings, 0 errors
compiling stm32f0xx_rcc.c...
..\FWLib\src\stm32f0xx_rcc.c(204): warning:  #223-D: function "assert_param" declared implicitly
    assert_param(IS_RCC_HSE(RCC_HSE));
..\FWLib\src\stm32f0xx_rcc.c(266): warning:  #223-D: function "assert_param" declared implicitly
    assert_param(IS_RCC_HSI_CALIBRATION_VALUE(HSICalibrationValue));
..\FWLib\src\stm32f0xx_rcc.c(298): warning:  #223-D: function "assert_param" declared implicitly
    assert_param(IS_FUNCTIONAL_STATE(NewState));
..\FWLib\src\stm32f0xx_rcc.c(326): warning:  #223-D: function "assert_param" declared implicitly
    assert_param(IS_RCC_HSI14_CALIBRATION_VALUE(HSI14CalibrationValue));
..\FWLib\src\stm32f0xx_rcc.c(355): warning:  #223-D: function "assert_param" declared implicitly
    assert_param(IS_FUNCTIONAL_STATE(NewState));
..\FWLib\src\stm32f0xx_rcc.c(376): warning:  #223-D: function "assert_param" declared implicitly
    assert_param(IS_FUNCTIONAL_STATE(NewState));
..\FWLib\src\stm32f0xx_rcc.c(408): warning:  #223-D: function "assert_param" declared implicitly
    assert_param(IS_RCC_LSE(RCC_LSE));
..\FWLib\src\stm32f0xx_rcc.c(434): warning:  #223-D: function "assert_param" declared implicitly
    assert_param(IS_RCC_LSE_DRIVE(RCC_LSEDrive));
..\FWLib\src\stm32f0xx_rcc.c(458): warning:  #223-D: function "assert_param" declared implicitly
    assert_param(IS_FUNCTIONAL_STATE(NewState));
..\FWLib\src\stm32f0xx_rcc.c(489): warning:  #223-D: function "assert_param" declared implicitly
    assert_param(IS_RCC_PLL_SOURCE(RCC_PLLSource));
..\FWLib\src\stm32f0xx_rcc.c(513): warning:  #223-D: function "assert_param" declared implicitly
    assert_param(IS_FUNCTIONAL_STATE(NewState));
..\FWLib\src\stm32f0xx_rcc.c(537): warning:  #223-D: function "assert_param" declared implicitly
    assert_param(IS_RCC_PREDIV1(RCC_PREDIV1_Div));
..\FWLib\src\stm32f0xx_rcc.c(562): warning:  #223-D: function "assert_param" declared implicitly
    assert_param(IS_FUNCTIONAL_STATE(NewState));
..\FWLib\src\stm32f0xx_rcc.c(592): warning:  #223-D: function "assert_param" declared implicitly
    assert_param(IS_RCC_MCO_SOURCE(RCC_MCOSource));
..\FWLib\src\stm32f0xx_rcc.c(744): warning:  #223-D: function "assert_param" declared implicitly
    assert_param(IS_RCC_SYSCLK_SOURCE(RCC_SYSCLKSource));
..\FWLib\src\stm32f0xx_rcc.c(793): warning:  #223-D: function "assert_param" declared implicitly
    assert_param(IS_RCC_HCLK(RCC_SYSCLK));
..\FWLib\src\stm32f0xx_rcc.c(824): warning:  #223-D: function "assert_param" declared implicitly
    assert_param(IS_RCC_PCLK(RCC_HCLK));
..\FWLib\src\stm32f0xx_rcc.c(851): warning:  #223-D: function "assert_param" declared implicitly
    assert_param(IS_RCC_ADCCLK(RCC_ADCCLK));
..\FWLib\src\stm32f0xx_rcc.c(876): warning:  #223-D: function "assert_param" declared implicitly
    assert_param(IS_RCC_CECCLK(RCC_CECCLK));
..\FWLib\src\stm32f0xx_rcc.c(896): warning:  #223-D: function "assert_param" declared implicitly
    assert_param(IS_RCC_I2CCLK(RCC_I2CCLK));
..\FWLib\src\stm32f0xx_rcc.c(918): warning:  #223-D: function "assert_param" declared implicitly
    assert_param(IS_RCC_USARTCLK(RCC_USARTCLK));
..\FWLib\src\stm32f0xx_rcc.c(1137): warning:  #223-D: function "assert_param" declared implicitly
    assert_param(IS_RCC_RTCCLK_SOURCE(RCC_RTCCLKSource));
..\FWLib\src\stm32f0xx_rcc.c(1154): warning:  #223-D: function "assert_param" declared implicitly
    assert_param(IS_FUNCTIONAL_STATE(NewState));
..\FWLib\src\stm32f0xx_rcc.c(1177): warning:  #223-D: function "assert_param" declared implicitly
    assert_param(IS_FUNCTIONAL_STATE(NewState));
..\FWLib\src\stm32f0xx_rcc.c(1213): warning:  #223-D: function "assert_param" declared implicitly
    assert_param(IS_RCC_AHB_PERIPH(RCC_AHBPeriph));
..\FWLib\src\stm32f0xx_rcc.c(1249): warning:  #223-D: function "assert_param" declared implicitly
    assert_param(IS_RCC_APB2_PERIPH(RCC_APB2Periph));
..\FWLib\src\stm32f0xx_rcc.c(1288): warning:  #223-D: function "assert_param" declared implicitly
    assert_param(IS_RCC_APB1_PERIPH(RCC_APB1Periph));
..\FWLib\src\stm32f0xx_rcc.c(1318): warning:  #223-D: function "assert_param" declared implicitly
    assert_param(IS_RCC_AHB_RST_PERIPH(RCC_AHBPeriph));
..\FWLib\src\stm32f0xx_rcc.c(1351): warning:  #223-D: function "assert_param" declared implicitly
    assert_param(IS_RCC_APB2_PERIPH(RCC_APB2Periph));
..\FWLib\src\stm32f0xx_rcc.c(1387): warning:  #223-D: function "assert_param" declared implicitly
    assert_param(IS_RCC_APB1_PERIPH(RCC_APB1Periph));
..\FWLib\src\stm32f0xx_rcc.c(1438): warning:  #223-D: function "assert_param" declared implicitly
    assert_param(IS_RCC_IT(RCC_IT));
..\FWLib\src\stm32f0xx_rcc.c(1480): warning:  #223-D: function "assert_param" declared implicitly
    assert_param(IS_RCC_FLAG(RCC_FLAG));
..\FWLib\src\stm32f0xx_rcc.c(1549): warning:  #223-D: function "assert_param" declared implicitly
    assert_param(IS_RCC_GET_IT(RCC_IT));
..\FWLib\src\stm32f0xx_rcc.c(1580): warning:  #223-D: function "assert_param" declared implicitly
    assert_param(IS_RCC_CLEAR_IT(RCC_IT));
..\FWLib\src\stm32f0xx_rcc.c: 34 warnings, 0 errors
compiling stm32f0xx_rtc.c...
..\FWLib\src\stm32f0xx_rtc.c(374): warning:  #223-D: function "assert_param" declared implicitly
    assert_param(IS_RTC_HOUR_FORMAT(RTC_InitStruct->RTC_HourFormat));
..\FWLib\src\stm32f0xx_rtc.c(440): warning:  #223-D: function "assert_param" declared implicitly
    assert_param(IS_FUNCTIONAL_STATE(NewState));
..\FWLib\src\stm32f0xx_rtc.c(587): warning:  #223-D: function "assert_param" declared implicitly
    assert_param(IS_FUNCTIONAL_STATE(NewState));
..\FWLib\src\stm32f0xx_rtc.c(633): warning:  #223-D: function "assert_param" declared implicitly
    assert_param(IS_FUNCTIONAL_STATE(NewState));
..\FWLib\src\stm32f0xx_rtc.c(690): warning:  #223-D: function "assert_param" declared implicitly
    assert_param(IS_RTC_FORMAT(RTC_Format));
..\FWLib\src\stm32f0xx_rtc.c(812): warning:  #223-D: function "assert_param" declared implicitly
    assert_param(IS_RTC_FORMAT(RTC_Format));
..\FWLib\src\stm32f0xx_rtc.c(871): warning:  #223-D: function "assert_param" declared implicitly
    assert_param(IS_RTC_FORMAT(RTC_Format));
..\FWLib\src\stm32f0xx_rtc.c(980): warning:  #223-D: function "assert_param" declared implicitly
    assert_param(IS_RTC_FORMAT(RTC_Format));
..\FWLib\src\stm32f0xx_rtc.c(1040): warning:  #223-D: function "assert_param" declared implicitly
    assert_param(IS_RTC_FORMAT(RTC_Format));
..\FWLib\src\stm32f0xx_rtc.c(1173): warning:  #223-D: function "assert_param" declared implicitly
    assert_param(IS_RTC_FORMAT(RTC_Format));
..\FWLib\src\stm32f0xx_rtc.c(1221): warning:  #223-D: function "assert_param" declared implicitly
    assert_param(IS_RTC_CMD_ALARM(RTC_Alarm));
..\FWLib\src\stm32f0xx_rtc.c(1311): warning:  #223-D: function "assert_param" declared implicitly
    assert_param(IS_RTC_ALARM(RTC_Alarm));
..\FWLib\src\stm32f0xx_rtc.c(1383): warning:  #223-D: function "assert_param" declared implicitly
    assert_param(IS_RTC_DAYLIGHT_SAVING(RTC_DayLightSaving));
..\FWLib\src\stm32f0xx_rtc.c(1446): warning:  #223-D: function "assert_param" declared implicitly
    assert_param(IS_RTC_OUTPUT(RTC_Output));
..\FWLib\src\stm32f0xx_rtc.c(1488): warning:  #223-D: function "assert_param" declared implicitly
    assert_param(IS_FUNCTIONAL_STATE(NewState));
..\FWLib\src\stm32f0xx_rtc.c(1520): warning:  #223-D: function "assert_param" declared implicitly
    assert_param(IS_RTC_CALIB_OUTPUT(RTC_CalibOutput));
..\FWLib\src\stm32f0xx_rtc.c(1561): warning:  #223-D: function "assert_param" declared implicitly
    assert_param(IS_RTC_SMOOTH_CALIB_PERIOD(RTC_SmoothCalibPeriod));
..\FWLib\src\stm32f0xx_rtc.c(1634): warning:  #223-D: function "assert_param" declared implicitly
    assert_param(IS_RTC_TIMESTAMP_EDGE(RTC_TimeStampEdge));
..\FWLib\src\stm32f0xx_rtc.c(1679): warning:  #223-D: function "assert_param" declared implicitly
    assert_param(IS_RTC_FORMAT(RTC_Format));
..\FWLib\src\stm32f0xx_rtc.c(1757): warning:  #223-D: function "assert_param" declared implicitly
    assert_param(IS_RTC_TAMPER(RTC_Tamper)); 
..\FWLib\src\stm32f0xx_rtc.c(1785): warning:  #223-D: function "assert_param" declared implicitly
    assert_param(IS_RTC_TAMPER(RTC_Tamper));  
..\FWLib\src\stm32f0xx_rtc.c(1816): warning:  #223-D: function "assert_param" declared implicitly
    assert_param(IS_RTC_TAMPER_FILTER(RTC_TamperFilter));
..\FWLib\src\stm32f0xx_rtc.c(1850): warning:  #223-D: function "assert_param" declared implicitly
    assert_param(IS_RTC_TAMPER_SAMPLING_FREQ(RTC_TamperSamplingFreq));
..\FWLib\src\stm32f0xx_rtc.c(1873): warning:  #223-D: function "assert_param" declared implicitly
    assert_param(IS_RTC_TAMPER_PRECHARGE_DURATION(RTC_TamperPrechargeDuration));
..\FWLib\src\stm32f0xx_rtc.c(1893): warning:  #223-D: function "assert_param" declared implicitly
    assert_param(IS_FUNCTIONAL_STATE(NewState));
..\FWLib\src\stm32f0xx_rtc.c(1916): warning:  #223-D: function "assert_param" declared implicitly
    assert_param(IS_FUNCTIONAL_STATE(NewState));
..\FWLib\src\stm32f0xx_rtc.c(1959): warning:  #223-D: function "assert_param" declared implicitly
    assert_param(IS_RTC_BKP(RTC_BKP_DR));
..\FWLib\src\stm32f0xx_rtc.c(1980): warning:  #223-D: function "assert_param" declared implicitly
    assert_param(IS_RTC_BKP(RTC_BKP_DR));
..\FWLib\src\stm32f0xx_rtc.c(2018): warning:  #223-D: function "assert_param" declared implicitly
    assert_param(IS_RTC_OUTPUT_TYPE(RTC_OutputType));
..\FWLib\src\stm32f0xx_rtc.c(2059): warning:  #223-D: function "assert_param" declared implicitly
    assert_param(IS_RTC_SHIFT_ADD1S(RTC_ShiftAdd1S));
..\FWLib\src\stm32f0xx_rtc.c(2165): warning:  #223-D: function "assert_param" declared implicitly
    assert_param(IS_RTC_CONFIG_IT(RTC_IT));
..\FWLib\src\stm32f0xx_rtc.c(2211): warning:  #223-D: function "assert_param" declared implicitly
    assert_param(IS_RTC_GET_FLAG(RTC_FLAG));
..\FWLib\src\stm32f0xx_rtc.c(2243): warning:  #223-D: function "assert_param" declared implicitly
    assert_param(IS_RTC_CLEAR_FLAG(RTC_FLAG));
..\FWLib\src\stm32f0xx_rtc.c(2265): warning:  #223-D: function "assert_param" declared implicitly
    assert_param(IS_RTC_GET_IT(RTC_IT));
..\FWLib\src\stm32f0xx_rtc.c(2303): warning:  #223-D: function "assert_param" declared implicitly
    assert_param(IS_RTC_CLEAR_IT(RTC_IT));
..\FWLib\src\stm32f0xx_rtc.c: 35 warnings, 0 errors
compiling stm32f0xx_spi.c...
..\FWLib\src\stm32f0xx_spi.c(170): warning:  #223-D: function "assert_param" declared implicitly
    assert_param(IS_SPI_ALL_PERIPH(SPIx));
..\FWLib\src\stm32f0xx_spi.c(232): warning:  #223-D: function "assert_param" declared implicitly
    assert_param(IS_SPI_ALL_PERIPH(SPIx));
..\FWLib\src\stm32f0xx_spi.c(340): warning:  #223-D: function "assert_param" declared implicitly
    assert_param(IS_SPI_1_PERIPH(SPIx));
..\FWLib\src\stm32f0xx_spi.c(438): warning:  #223-D: function "assert_param" declared implicitly
    assert_param(IS_SPI_ALL_PERIPH(SPIx));
..\FWLib\src\stm32f0xx_spi.c(470): warning:  #223-D: function "assert_param" declared implicitly
    assert_param(IS_SPI_1_PERIPH(SPIx));
..\FWLib\src\stm32f0xx_spi.c(495): warning:  #223-D: function "assert_param" declared implicitly
    assert_param(IS_SPI_1_PERIPH(SPIx));
..\FWLib\src\stm32f0xx_spi.c(534): warning:  #223-D: function "assert_param" declared implicitly
    assert_param(IS_SPI_ALL_PERIPH(SPIx));
..\FWLib\src\stm32f0xx_spi.c(559): warning:  #223-D: function "assert_param" declared implicitly
    assert_param(IS_SPI_ALL_PERIPH(SPIx));
..\FWLib\src\stm32f0xx_spi.c(581): warning:  #223-D: function "assert_param" declared implicitly
    assert_param(IS_SPI_ALL_PERIPH(SPIx));
..\FWLib\src\stm32f0xx_spi.c(609): warning:  #223-D: function "assert_param" declared implicitly
    assert_param(IS_SPI_ALL_PERIPH(SPIx));
..\FWLib\src\stm32f0xx_spi.c(636): warning:  #223-D: function "assert_param" declared implicitly
    assert_param(IS_SPI_ALL_PERIPH(SPIx));
..\FWLib\src\stm32f0xx_spi.c(665): warning:  #223-D: function "assert_param" declared implicitly
    assert_param(IS_SPI_ALL_PERIPH(SPIx));
..\FWLib\src\stm32f0xx_spi.c(721): warning:  #223-D: function "assert_param" declared implicitly
    assert_param(IS_SPI_ALL_PERIPH(SPIx));
..\FWLib\src\stm32f0xx_spi.c(739): warning:  #223-D: function "assert_param" declared implicitly
    assert_param(IS_SPI_ALL_PERIPH(SPIx));
..\FWLib\src\stm32f0xx_spi.c(849): warning:  #223-D: function "assert_param" declared implicitly
    assert_param(IS_SPI_ALL_PERIPH(SPIx));
..\FWLib\src\stm32f0xx_spi.c(871): warning:  #223-D: function "assert_param" declared implicitly
    assert_param(IS_SPI_ALL_PERIPH(SPIx));
..\FWLib\src\stm32f0xx_spi.c(894): warning:  #223-D: function "assert_param" declared implicitly
    assert_param(IS_SPI_ALL_PERIPH(SPIx));
..\FWLib\src\stm32f0xx_spi.c(913): warning:  #223-D: function "assert_param" declared implicitly
    assert_param(IS_SPI_ALL_PERIPH(SPIx));
..\FWLib\src\stm32f0xx_spi.c(938): warning:  #223-D: function "assert_param" declared implicitly
    assert_param(IS_SPI_ALL_PERIPH(SPIx));
..\FWLib\src\stm32f0xx_spi.c(976): warning:  #223-D: function "assert_param" declared implicitly
    assert_param(IS_SPI_ALL_PERIPH(SPIx));
..\FWLib\src\stm32f0xx_spi.c(1013): warning:  #223-D: function "assert_param" declared implicitly
    assert_param(IS_SPI_ALL_PERIPH(SPIx));
..\FWLib\src\stm32f0xx_spi.c(1120): warning:  #223-D: function "assert_param" declared implicitly
    assert_param(IS_SPI_ALL_PERIPH(SPIx));
..\FWLib\src\stm32f0xx_spi.c(1193): warning:  #223-D: function "assert_param" declared implicitly
    assert_param(IS_SPI_ALL_PERIPH(SPIx));
..\FWLib\src\stm32f0xx_spi.c(1227): warning:  #223-D: function "assert_param" declared implicitly
    assert_param(IS_SPI_ALL_PERIPH(SPIx));
..\FWLib\src\stm32f0xx_spi.c(1254): warning:  #223-D: function "assert_param" declared implicitly
    assert_param(IS_SPI_ALL_PERIPH(SPIx));
..\FWLib\src\stm32f0xx_spi.c: 25 warnings, 0 errors
compiling stm32f0xx_syscfg.c...
..\FWLib\src\stm32f0xx_syscfg.c(119): warning:  #223-D: function "assert_param" declared implicitly
    assert_param(IS_SYSCFG_MEMORY_REMAP(SYSCFG_MemoryRemap));
..\FWLib\src\stm32f0xx_syscfg.c(157): warning:  #223-D: function "assert_param" declared implicitly
    assert_param(IS_SYSCFG_DMA_REMAP(SYSCFG_DMARemap));
..\FWLib\src\stm32f0xx_syscfg.c(192): warning:  #223-D: function "assert_param" declared implicitly
    assert_param(IS_SYSCFG_I2C_FMP(SYSCFG_I2CFastModePlus));
..\FWLib\src\stm32f0xx_syscfg.c(220): warning:  #223-D: function "assert_param" declared implicitly
    assert_param(IS_EXTI_PORT_SOURCE(EXTI_PortSourceGPIOx));
..\FWLib\src\stm32f0xx_syscfg.c(242): warning:  #223-D: function "assert_param" declared implicitly
    assert_param(IS_SYSCFG_LOCK_CONFIG(SYSCFG_Break));
..\FWLib\src\stm32f0xx_syscfg.c(259): warning:  #223-D: function "assert_param" declared implicitly
    assert_param(IS_SYSCFG_FLAG(SYSCFG_Flag));
..\FWLib\src\stm32f0xx_syscfg.c(286): warning:  #223-D: function "assert_param" declared implicitly
    assert_param(IS_SYSCFG_FLAG(SYSCFG_Flag));
..\FWLib\src\stm32f0xx_syscfg.c: 7 warnings, 0 errors
compiling stm32f0xx_tim.c...
..\FWLib\src\stm32f0xx_tim.c(194): warning:  #223-D: function "assert_param" declared implicitly
    assert_param(IS_TIM_ALL_PERIPH(TIMx)); 
..\FWLib\src\stm32f0xx_tim.c(257): warning:  #223-D: function "assert_param" declared implicitly
    assert_param(IS_TIM_ALL_PERIPH(TIMx)); 
..\FWLib\src\stm32f0xx_tim.c(325): warning:  #223-D: function "assert_param" declared implicitly
    assert_param(IS_TIM_ALL_PERIPH(TIMx));
..\FWLib\src\stm32f0xx_tim.c(351): warning:  #223-D: function "assert_param" declared implicitly
    assert_param(IS_TIM_LIST3_PERIPH(TIMx));
..\FWLib\src\stm32f0xx_tim.c(373): warning:  #223-D: function "assert_param" declared implicitly
     assert_param(IS_TIM_ALL_PERIPH(TIMx));
..\FWLib\src\stm32f0xx_tim.c(388): warning:  #223-D: function "assert_param" declared implicitly
    assert_param(IS_TIM_ALL_PERIPH(TIMx));
..\FWLib\src\stm32f0xx_tim.c(403): warning:  #223-D: function "assert_param" declared implicitly
    assert_param(IS_TIM_ALL_PERIPH(TIMx));
..\FWLib\src\stm32f0xx_tim.c(418): warning:  #223-D: function "assert_param" declared implicitly
    assert_param(IS_TIM_ALL_PERIPH(TIMx));
..\FWLib\src\stm32f0xx_tim.c(435): warning:  #223-D: function "assert_param" declared implicitly
    assert_param(IS_TIM_ALL_PERIPH(TIMx));
..\FWLib\src\stm32f0xx_tim.c(465): warning:  #223-D: function "assert_param" declared implicitly
    assert_param(IS_TIM_ALL_PERIPH(TIMx));
..\FWLib\src\stm32f0xx_tim.c(491): warning:  #223-D: function "assert_param" declared implicitly
    assert_param(IS_TIM_ALL_PERIPH(TIMx));
..\FWLib\src\stm32f0xx_tim.c(519): warning:  #223-D: function "assert_param" declared implicitly
    assert_param(IS_TIM_ALL_PERIPH(TIMx));
..\FWLib\src\stm32f0xx_tim.c(541): warning:  #223-D: function "assert_param" declared implicitly
    assert_param(IS_TIM_LIST4_PERIPH(TIMx));
..\FWLib\src\stm32f0xx_tim.c(561): warning:  #223-D: function "assert_param" declared implicitly
    assert_param(IS_TIM_ALL_PERIPH(TIMx)); 
..\FWLib\src\stm32f0xx_tim.c(619): warning:  #223-D: function "assert_param" declared implicitly
    assert_param(IS_TIM_LIST2_PERIPH(TIMx));
..\FWLib\src\stm32f0xx_tim.c(662): warning:  #223-D: function "assert_param" declared implicitly
    assert_param(IS_TIM_LIST2_PERIPH(TIMx));
..\FWLib\src\stm32f0xx_tim.c(736): warning:  #223-D: function "assert_param" declared implicitly
    assert_param(IS_TIM_LIST4_PERIPH(TIMx));
..\FWLib\src\stm32f0xx_tim.c(818): warning:  #223-D: function "assert_param" declared implicitly
    assert_param(IS_TIM_LIST6_PERIPH(TIMx)); 
..\FWLib\src\stm32f0xx_tim.c(910): warning:  #223-D: function "assert_param" declared implicitly
    assert_param(IS_TIM_LIST3_PERIPH(TIMx)); 
..\FWLib\src\stm32f0xx_tim.c(990): warning:  #223-D: function "assert_param" declared implicitly
    assert_param(IS_TIM_LIST3_PERIPH(TIMx)); 
..\FWLib\src\stm32f0xx_tim.c(1089): warning:  #223-D: function "assert_param" declared implicitly
    assert_param(IS_TIM_LIST4_PERIPH(TIMx));  
..\FWLib\src\stm32f0xx_tim.c(1131): warning:  #223-D: function "assert_param" declared implicitly
    assert_param(IS_TIM_LIST4_PERIPH(TIMx));
..\FWLib\src\stm32f0xx_tim.c(1146): warning:  #223-D: function "assert_param" declared implicitly
    assert_param(IS_TIM_LIST6_PERIPH(TIMx));
..\FWLib\src\stm32f0xx_tim.c(1161): warning:  #223-D: function "assert_param" declared implicitly
    assert_param(IS_TIM_LIST3_PERIPH(TIMx));
..\FWLib\src\stm32f0xx_tim.c(1176): warning:  #223-D: function "assert_param" declared implicitly
    assert_param(IS_TIM_LIST3_PERIPH(TIMx));
..\FWLib\src\stm32f0xx_tim.c(1195): warning:  #223-D: function "assert_param" declared implicitly
    assert_param(IS_TIM_LIST4_PERIPH(TIMx));
..\FWLib\src\stm32f0xx_tim.c(1220): warning:  #223-D: function "assert_param" declared implicitly
    assert_param(IS_TIM_LIST6_PERIPH(TIMx));
..\FWLib\src\stm32f0xx_tim.c(1246): warning:  #223-D: function "assert_param" declared implicitly
    assert_param(IS_TIM_LIST3_PERIPH(TIMx));
..\FWLib\src\stm32f0xx_tim.c(1271): warning:  #223-D: function "assert_param" declared implicitly
    assert_param(IS_TIM_LIST3_PERIPH(TIMx));
..\FWLib\src\stm32f0xx_tim.c(1293): warning:  #223-D: function "assert_param" declared implicitly
    assert_param(IS_TIM_LIST6_PERIPH(TIMx));
..\FWLib\src\stm32f0xx_tim.c(1321): warning:  #223-D: function "assert_param" declared implicitly
    assert_param(IS_TIM_LIST4_PERIPH(TIMx));
..\FWLib\src\stm32f0xx_tim.c(1346): warning:  #223-D: function "assert_param" declared implicitly
    assert_param(IS_TIM_LIST6_PERIPH(TIMx));
..\FWLib\src\stm32f0xx_tim.c(1372): warning:  #223-D: function "assert_param" declared implicitly
    assert_param(IS_TIM_LIST3_PERIPH(TIMx));
..\FWLib\src\stm32f0xx_tim.c(1398): warning:  #223-D: function "assert_param" declared implicitly
    assert_param(IS_TIM_LIST3_PERIPH(TIMx));
..\FWLib\src\stm32f0xx_tim.c(1424): warning:  #223-D: function "assert_param" declared implicitly
    assert_param(IS_TIM_LIST4_PERIPH(TIMx));
..\FWLib\src\stm32f0xx_tim.c(1451): warning:  #223-D: function "assert_param" declared implicitly
    assert_param(IS_TIM_LIST6_PERIPH(TIMx));
..\FWLib\src\stm32f0xx_tim.c(1478): warning:  #223-D: function "assert_param" declared implicitly
    assert_param(IS_TIM_LIST3_PERIPH(TIMx));
..\FWLib\src\stm32f0xx_tim.c(1505): warning:  #223-D: function "assert_param" declared implicitly
    assert_param(IS_TIM_LIST3_PERIPH(TIMx));
..\FWLib\src\stm32f0xx_tim.c(1532): warning:  #223-D: function "assert_param" declared implicitly
    assert_param(IS_TIM_LIST4_PERIPH(TIMx));
..\FWLib\src\stm32f0xx_tim.c(1558): warning:  #223-D: function "assert_param" declared implicitly
    assert_param(IS_TIM_LIST6_PERIPH(TIMx));
..\FWLib\src\stm32f0xx_tim.c(1584): warning:  #223-D: function "assert_param" declared implicitly
    assert_param(IS_TIM_LIST3_PERIPH(TIMx));
..\FWLib\src\stm32f0xx_tim.c(1610): warning:  #223-D: function "assert_param" declared implicitly
    assert_param(IS_TIM_LIST3_PERIPH(TIMx));
..\FWLib\src\stm32f0xx_tim.c(1636): warning:  #223-D: function "assert_param" declared implicitly
    assert_param(IS_TIM_LIST4_PERIPH(TIMx));
..\FWLib\src\stm32f0xx_tim.c(1660): warning:  #223-D: function "assert_param" declared implicitly
    assert_param(IS_TIM_LIST2_PERIPH(TIMx));
..\FWLib\src\stm32f0xx_tim.c(1685): warning:  #223-D: function "assert_param" declared implicitly
    assert_param(IS_TIM_LIST6_PERIPH(TIMx));
..\FWLib\src\stm32f0xx_tim.c(1709): warning:  #223-D: function "assert_param" declared implicitly
    assert_param(IS_TIM_LIST1_PERIPH(TIMx));
..\FWLib\src\stm32f0xx_tim.c(1734): warning:  #223-D: function "assert_param" declared implicitly
    assert_param(IS_TIM_LIST3_PERIPH(TIMx));
..\FWLib\src\stm32f0xx_tim.c(1759): warning:  #223-D: function "assert_param" declared implicitly
    assert_param(IS_TIM_LIST1_PERIPH(TIMx));
..\FWLib\src\stm32f0xx_tim.c(1784): warning:  #223-D: function "assert_param" declared implicitly
    assert_param(IS_TIM_LIST3_PERIPH(TIMx));
..\FWLib\src\stm32f0xx_tim.c(1807): warning:  #223-D: function "assert_param" declared implicitly
    assert_param(IS_TIM_LIST3_PERIPH(TIMx));
..\FWLib\src\stm32f0xx_tim.c(1833): warning:  #223-D: function "assert_param" declared implicitly
    assert_param(IS_TIM_LIST4_PERIPH(TIMx)); 
..\FWLib\src\stm32f0xx_tim.c(1862): warning:  #223-D: function "assert_param" declared implicitly
    assert_param(IS_TIM_LIST2_PERIPH(TIMx));
..\FWLib\src\stm32f0xx_tim.c(1885): warning:  #223-D: function "assert_param" declared implicitly
    assert_param(IS_TIM_LIST2_PERIPH(TIMx));
..\FWLib\src\stm32f0xx_tim.c(1961): warning:  #223-D: function "assert_param" declared implicitly
    assert_param(IS_TIM_LIST4_PERIPH(TIMx));
..\FWLib\src\stm32f0xx_tim.c(2040): warning:  #223-D: function "assert_param" declared implicitly
    assert_param(IS_TIM_LIST6_PERIPH(TIMx));
..\FWLib\src\stm32f0xx_tim.c(2093): warning:  #223-D: function "assert_param" declared implicitly
    assert_param(IS_TIM_LIST4_PERIPH(TIMx));
..\FWLib\src\stm32f0xx_tim.c(2107): warning:  #223-D: function "assert_param" declared implicitly
    assert_param(IS_TIM_LIST6_PERIPH(TIMx));
..\FWLib\src\stm32f0xx_tim.c(2121): warning:  #223-D: function "assert_param" declared implicitly
    assert_param(IS_TIM_LIST3_PERIPH(TIMx)); 
..\FWLib\src\stm32f0xx_tim.c(2135): warning:  #223-D: function "assert_param" declared implicitly
    assert_param(IS_TIM_LIST3_PERIPH(TIMx));
..\FWLib\src\stm32f0xx_tim.c(2155): warning:  #223-D: function "assert_param" declared implicitly
    assert_param(IS_TIM_LIST4_PERIPH(TIMx));
..\FWLib\src\stm32f0xx_tim.c(2178): warning:  #223-D: function "assert_param" declared implicitly
    assert_param(IS_TIM_LIST6_PERIPH(TIMx));
..\FWLib\src\stm32f0xx_tim.c(2201): warning:  #223-D: function "assert_param" declared implicitly
    assert_param(IS_TIM_LIST3_PERIPH(TIMx));
..\FWLib\src\stm32f0xx_tim.c(2224): warning:  #223-D: function "assert_param" declared implicitly
    assert_param(IS_TIM_LIST3_PERIPH(TIMx));
..\FWLib\src\stm32f0xx_tim.c(2276): warning:  #223-D: function "assert_param" declared implicitly
    assert_param(IS_TIM_ALL_PERIPH(TIMx));
..\FWLib\src\stm32f0xx_tim.c(2317): warning:  #223-D: function "assert_param" declared implicitly
    assert_param(IS_TIM_ALL_PERIPH(TIMx));
..\FWLib\src\stm32f0xx_tim.c(2354): warning:  #223-D: function "assert_param" declared implicitly
    assert_param(IS_TIM_ALL_PERIPH(TIMx));
..\FWLib\src\stm32f0xx_tim.c(2398): warning:  #223-D: function "assert_param" declared implicitly
    assert_param(IS_TIM_ALL_PERIPH(TIMx));
..\FWLib\src\stm32f0xx_tim.c(2433): warning:  #223-D: function "assert_param" declared implicitly
    assert_param(IS_TIM_ALL_PERIPH(TIMx));
..\FWLib\src\stm32f0xx_tim.c(2475): warning:  #223-D: function "assert_param" declared implicitly
    assert_param(IS_TIM_ALL_PERIPH(TIMx));
..\FWLib\src\stm32f0xx_tim.c(2512): warning:  #223-D: function "assert_param" declared implicitly
    assert_param(IS_TIM_LIST4_PERIPH(TIMx));
..\FWLib\src\stm32f0xx_tim.c(2538): warning:  #223-D: function "assert_param" declared implicitly
    assert_param(IS_TIM_LIST10_PERIPH(TIMx));
..\FWLib\src\stm32f0xx_tim.c(2564): warning:  #223-D: function "assert_param" declared implicitly
    assert_param(IS_TIM_LIST5_PERIPH(TIMx));
..\FWLib\src\stm32f0xx_tim.c(2603): warning:  #223-D: function "assert_param" declared implicitly
    assert_param(IS_TIM_LIST6_PERIPH(TIMx));
..\FWLib\src\stm32f0xx_tim.c(2622): warning:  #223-D: function "assert_param" declared implicitly
    assert_param(IS_TIM_LIST6_PERIPH(TIMx));
..\FWLib\src\stm32f0xx_tim.c(2650): warning:  #223-D: function "assert_param" declared implicitly
    assert_param(IS_TIM_LIST6_PERIPH(TIMx));
..\FWLib\src\stm32f0xx_tim.c(2692): warning:  #223-D: function "assert_param" declared implicitly
    assert_param(IS_TIM_LIST3_PERIPH(TIMx));
..\FWLib\src\stm32f0xx_tim.c(2734): warning:  #223-D: function "assert_param" declared implicitly
    assert_param(IS_TIM_LIST3_PERIPH(TIMx));
..\FWLib\src\stm32f0xx_tim.c(2800): warning:  #223-D: function "assert_param" declared implicitly
    assert_param(IS_TIM_LIST6_PERIPH(TIMx)); 
..\FWLib\src\stm32f0xx_tim.c(2837): warning:  #223-D: function "assert_param" declared implicitly
    assert_param(IS_TIM_LIST9_PERIPH(TIMx));
..\FWLib\src\stm32f0xx_tim.c(2861): warning:  #223-D: function "assert_param" declared implicitly
    assert_param(IS_TIM_LIST6_PERIPH(TIMx)); 
..\FWLib\src\stm32f0xx_tim.c(2883): warning:  #223-D: function "assert_param" declared implicitly
    assert_param(IS_TIM_LIST6_PERIPH(TIMx));
..\FWLib\src\stm32f0xx_tim.c(2916): warning:  #223-D: function "assert_param" declared implicitly
    assert_param(IS_TIM_LIST3_PERIPH(TIMx));
..\FWLib\src\stm32f0xx_tim.c(2973): warning:  #223-D: function "assert_param" declared implicitly
    assert_param(IS_TIM_LIST3_PERIPH(TIMx));
..\FWLib\src\stm32f0xx_tim.c(3011): warning:  #223-D: function "assert_param" declared implicitly
    assert_param(IS_TIM_LIST3_PERIPH(TIMx));
..\FWLib\src\stm32f0xx_tim.c(3057): warning:  #223-D: function "assert_param" declared implicitly
    assert_param(IS_TIM_LIST11_PERIPH(TIMx));
..\FWLib\src\stm32f0xx_tim.c: 85 warnings, 0 errors
compiling stm32f0xx_usart.c...
..\FWLib\src\stm32f0xx_usart.c(175): warning:  #223-D: function "assert_param" declared implicitly
    assert_param(IS_USART_ALL_PERIPH(USARTx));
..\FWLib\src\stm32f0xx_usart.c(206): warning:  #223-D: function "assert_param" declared implicitly
    assert_param(IS_USART_ALL_PERIPH(USARTx));
..\FWLib\src\stm32f0xx_usart.c(333): warning:  #223-D: function "assert_param" declared implicitly
    assert_param(IS_USART_ALL_PERIPH(USARTx));
..\FWLib\src\stm32f0xx_usart.c(378): warning:  #223-D: function "assert_param" declared implicitly
    assert_param(IS_USART_ALL_PERIPH(USARTx));
..\FWLib\src\stm32f0xx_usart.c(407): warning:  #223-D: function "assert_param" declared implicitly
    assert_param(IS_USART_ALL_PERIPH(USARTx));
..\FWLib\src\stm32f0xx_usart.c(437): warning:  #223-D: function "assert_param" declared implicitly
    assert_param(IS_USART_ALL_PERIPH(USARTx));
..\FWLib\src\stm32f0xx_usart.c(463): warning:  #223-D: function "assert_param" declared implicitly
    assert_param(IS_USART_ALL_PERIPH(USARTx));
..\FWLib\src\stm32f0xx_usart.c(491): warning:  #223-D: function "assert_param" declared implicitly
    assert_param(IS_USART_ALL_PERIPH(USARTx));
..\FWLib\src\stm32f0xx_usart.c(523): warning:  #223-D: function "assert_param" declared implicitly
    assert_param(IS_USART_ALL_PERIPH(USARTx));
..\FWLib\src\stm32f0xx_usart.c(557): warning:  #223-D: function "assert_param" declared implicitly
    assert_param(IS_USART_ALL_PERIPH(USARTx));
..\FWLib\src\stm32f0xx_usart.c(588): warning:  #223-D: function "assert_param" declared implicitly
    assert_param(IS_USART_ALL_PERIPH(USARTx));
..\FWLib\src\stm32f0xx_usart.c(613): warning:  #223-D: function "assert_param" declared implicitly
    assert_param(IS_USART_1_PERIPH(USARTx));
..\FWLib\src\stm32f0xx_usart.c(639): warning:  #223-D: function "assert_param" declared implicitly
    assert_param(IS_USART_1_PERIPH(USARTx));
..\FWLib\src\stm32f0xx_usart.c(660): warning:  #223-D: function "assert_param" declared implicitly
    assert_param(IS_USART_1_PERIPH(USARTx));
..\FWLib\src\stm32f0xx_usart.c(707): warning:  #223-D: function "assert_param" declared implicitly
    assert_param(IS_USART_1_PERIPH(USARTx));
..\FWLib\src\stm32f0xx_usart.c(738): warning:  #223-D: function "assert_param" declared implicitly
    assert_param(IS_USART_1_PERIPH(USARTx));
..\FWLib\src\stm32f0xx_usart.c(788): warning:  #223-D: function "assert_param" declared implicitly
    assert_param(IS_USART_1_PERIPH(USARTx));
..\FWLib\src\stm32f0xx_usart.c(818): warning:  #223-D: function "assert_param" declared implicitly
    assert_param(IS_USART_1_PERIPH(USARTx));
..\FWLib\src\stm32f0xx_usart.c(860): warning:  #223-D: function "assert_param" declared implicitly
    assert_param(IS_USART_ALL_PERIPH(USARTx));
..\FWLib\src\stm32f0xx_usart.c(875): warning:  #223-D: function "assert_param" declared implicitly
    assert_param(IS_USART_ALL_PERIPH(USARTx));
..\FWLib\src\stm32f0xx_usart.c(924): warning:  #223-D: function "assert_param" declared implicitly
    assert_param(IS_USART_ALL_PERIPH(USARTx));
..\FWLib\src\stm32f0xx_usart.c(942): warning:  #223-D: function "assert_param" declared implicitly
    assert_param(IS_USART_ALL_PERIPH(USARTx));
..\FWLib\src\stm32f0xx_usart.c(969): warning:  #223-D: function "assert_param" declared implicitly
    assert_param(IS_USART_ALL_PERIPH(USARTx));
..\FWLib\src\stm32f0xx_usart.c(988): warning:  #223-D: function "assert_param" declared implicitly
    assert_param(IS_USART_ALL_PERIPH(USARTx));
..\FWLib\src\stm32f0xx_usart.c(1051): warning:  #223-D: function "assert_param" declared implicitly
    assert_param(IS_USART_1_PERIPH(USARTx));
..\FWLib\src\stm32f0xx_usart.c(1068): warning:  #223-D: function "assert_param" declared implicitly
    assert_param(IS_USART_1_PERIPH(USARTx));
..\FWLib\src\stm32f0xx_usart.c(1124): warning:  #223-D: function "assert_param" declared implicitly
    assert_param(IS_USART_ALL_PERIPH(USARTx));
..\FWLib\src\stm32f0xx_usart.c(1204): warning:  #223-D: function "assert_param" declared implicitly
    assert_param(IS_USART_1_PERIPH(USARTx));
..\FWLib\src\stm32f0xx_usart.c(1222): warning:  #223-D: function "assert_param" declared implicitly
    assert_param(IS_USART_1_PERIPH(USARTx));
..\FWLib\src\stm32f0xx_usart.c(1246): warning:  #223-D: function "assert_param" declared implicitly
    assert_param(IS_USART_1_PERIPH(USARTx)); 
..\FWLib\src\stm32f0xx_usart.c(1269): warning:  #223-D: function "assert_param" declared implicitly
    assert_param(IS_USART_1_PERIPH(USARTx));
..\FWLib\src\stm32f0xx_usart.c(1286): warning:  #223-D: function "assert_param" declared implicitly
    assert_param(IS_USART_1_PERIPH(USARTx));
..\FWLib\src\stm32f0xx_usart.c(1348): warning:  #223-D: function "assert_param" declared implicitly
    assert_param(IS_USART_1_PERIPH(USARTx));
..\FWLib\src\stm32f0xx_usart.c(1365): warning:  #223-D: function "assert_param" declared implicitly
    assert_param(IS_USART_1_PERIPH(USARTx));
..\FWLib\src\stm32f0xx_usart.c(1422): warning:  #223-D: function "assert_param" declared implicitly
    assert_param(IS_USART_ALL_PERIPH(USARTx));
..\FWLib\src\stm32f0xx_usart.c(1448): warning:  #223-D: function "assert_param" declared implicitly
    assert_param(IS_USART_ALL_PERIPH(USARTx));
..\FWLib\src\stm32f0xx_usart.c(1465): warning:  #223-D: function "assert_param" declared implicitly
    assert_param(IS_USART_ALL_PERIPH(USARTx));
..\FWLib\src\stm32f0xx_usart.c(1484): warning:  #223-D: function "assert_param" declared implicitly
    assert_param(IS_USART_ALL_PERIPH(USARTx));
..\FWLib\src\stm32f0xx_usart.c(1530): warning:  #223-D: function "assert_param" declared implicitly
    assert_param(IS_USART_ALL_PERIPH(USARTx));
..\FWLib\src\stm32f0xx_usart.c(1562): warning:  #223-D: function "assert_param" declared implicitly
    assert_param(IS_USART_ALL_PERIPH(USARTx));
..\FWLib\src\stm32f0xx_usart.c(1696): warning:  #223-D: function "assert_param" declared implicitly
    assert_param(IS_USART_ALL_PERIPH(USARTx));
..\FWLib\src\stm32f0xx_usart.c(1747): warning:  #223-D: function "assert_param" declared implicitly
    assert_param(IS_USART_ALL_PERIPH(USARTx));
..\FWLib\src\stm32f0xx_usart.c(1779): warning:  #223-D: function "assert_param" declared implicitly
    assert_param(IS_USART_ALL_PERIPH(USARTx));
..\FWLib\src\stm32f0xx_usart.c(1821): warning:  #223-D: function "assert_param" declared implicitly
    assert_param(IS_USART_ALL_PERIPH(USARTx));
..\FWLib\src\stm32f0xx_usart.c(1868): warning:  #223-D: function "assert_param" declared implicitly
    assert_param(IS_USART_ALL_PERIPH(USARTx));
..\FWLib\src\stm32f0xx_usart.c(1900): warning:  #223-D: function "assert_param" declared implicitly
    assert_param(IS_USART_ALL_PERIPH(USARTx));
..\FWLib\src\stm32f0xx_usart.c(1970): warning:  #223-D: function "assert_param" declared implicitly
    assert_param(IS_USART_ALL_PERIPH(USARTx));
..\FWLib\src\stm32f0xx_usart.c: 47 warnings, 0 errors
compiling stm32f0xx_wwdg.c...
..\FWLib\src\stm32f0xx_wwdg.c(152): warning:  #223-D: function "assert_param" declared implicitly
    assert_param(IS_WWDG_PRESCALER(WWDG_Prescaler));
..\FWLib\src\stm32f0xx_wwdg.c(172): warning:  #223-D: function "assert_param" declared implicitly
    assert_param(IS_WWDG_WINDOW_VALUE(WindowValue));
..\FWLib\src\stm32f0xx_wwdg.c(205): warning:  #223-D: function "assert_param" declared implicitly
    assert_param(IS_WWDG_COUNTER(Counter));
..\FWLib\src\stm32f0xx_wwdg.c(237): warning:  #223-D: function "assert_param" declared implicitly
    assert_param(IS_WWDG_COUNTER(Counter));
..\FWLib\src\stm32f0xx_wwdg.c: 4 warnings, 0 errors
".\Project.axf" - 2 Error(s), 397 Warning(s).
Target not created
