<html>
<body>
<pre>
<h1>礦ision Build Log</h1>
<h2>Project:</h2>
F:\01、学习资料\01、STM\00、整理版\02、源代码-STM32F030\实验三、WS2812B-三色灯\Project\Project.uvproj
Project File Date:  08/06/2019

<h2>Output:</h2>
Build target 'Target 1'
compiling main.c...
linking...
Program Size: Code=7936 RO-data=224 RW-data=48 ZI-data=1632  
FromELF: creating hex file...
".\out\Project.axf" - 0 Error(s), 0 Warning(s).
Load "F:\\01、学习资料\\01、STM\\00、整理版\\02、源代码-STM32F030\\实验三、WS2812B-三色灯\\Project\\out\\Project.axf" 
Set JLink Project File to "F:\01、学习资料\01、STM\00、整理版\02、源代码-STM32F030\实验三、WS2812B-三色灯\Project\JLinkSettings.ini"
* JLink Info: Device "STM32F030C8" selected (64 KB flash, 8 KB RAM).
 
JLink info:
------------
DLL: V4.80g, compiled Feb 13 2014 20:50:02
Firmware: J-Link ARM-OB STM32 compiled Aug 22 2012 19:52:04
Hardware: V7.00
S/N : 20090928 
Feature(s) : RDI,FlashDL,FlashBP,JFlash,GDBFull 
 
* JLink Info: Found SWD-DP with ID 0x0BB11477
* JLink Info: Found SWD-DP with ID 0x0BB11477
* JLink Info: Found Cortex-M0 r0p0, Little endian.
* JLink Info: FPUnit: 4 code (BP) slots and 0 literal slots
ROMTableAddr = 0xE00FF003
 
Target info:
------------
Device: STM32F030C8
VTarget = 3.300V
State of Pins: 
TCK: 0, TDI: 0, TDO: 1, TMS: 0, TRES: 1, TRST: 1
Hardware-Breakpoints: 4
Software-Breakpoints: 8192
Watchpoints:          2
JTAG speed: 2000 kHz
 
Erase Done.
Programming Done.
Verify OK.
Application running ...
</pre>
</body>
</html>
ser\main.c" - 0 Error(s), 0 Warning(s).
